INFO - Подключение к БД
DEBUG - Экспорт 
DEBUG - Экспорт 
DEBUG - Экспорт 
DEBUG - Экспорт 
DEBUG - Экспорт 
DEBUG - Экспорт 
DEBUG - Экспорт 
DEBUG - Экспорт 
DEBUG - Экспорт 
DEBUG - Экспорт 
DEBUG - Экспорт 
INFO - Подключение к БД
INFO - Начало выгрузки данных из БД...
INFO - Окончание выгрузки данных.
INFO - Подключение к БД
INFO - Подключение к БД
INFO - Начало выгрузки данных...
INFO - Окончание выгрузки данных.
INFO - Подключение к БД
INFO - Начало удаления отсутствующих и редактирования изменённых...
INFO - Подключение к БД
INFO - Начало удаления отсутствующих и редактирования изменённых...
INFO - Окончание удаления отсутствующих и редактирования изменённых.
INFO - Добавление новых...
INFO - Окончание добавления.
INFO - Подключение к БД
INFO - Начало удаления отсутствующих и редактирования изменённых...
INFO - Окончание удаления отсутствующих и редактирования изменённых.
INFO - Добавление новых...
INFO - Окончание добавления.
